// Jest Snapshot v1, https://goo.gl/fbAQLP

exports[`should render a list of links that contains the class name "link" 1`] = `
Array [
  <a
    class="link"
    href="/"
  >
    Inicial
  </a>,
  <a
    class="link"
    href="/"
  >
    Transferências
  </a>,
  <a
    class="link"
    href="/"
  >
    Investimentos
  </a>,
  <a
    class="link"
    href="/"
  >
    Outros serviços
  </a>,
]
`;
